Microchip MPLAB XC8 Compiler V2.32

Linker command line:

-W-3 --edf=C:\Program Files\Microchip\xc8\v2.32\pic\dat\en_msgs.txt -cn \
  -h+dist/default/production\contador.X.production.sym \
  --cmf=dist/default/production\contador.X.production.cmf -z -Q18F4520 \
  -oC:\Users\Natan\AppData\Local\Temp\xcAs9e8.4 --defsym=__MPLAB_BUILD=1 \
  -Mdist/default/production/contador.X.production.map -E1 -ver=XC8 Compiler \
  --acfsm=1493 -ASTACK=094h-05FFh -pstack=STACK -ACODE=00h-07FFFh \
  -ACONST=00h-07FFFh -ASMALLCONST=0600h-06FFhx122 \
  -AMEDIUMCONST=0600h-07FFFh -ACOMRAM=01h-07Fh -AABS1=00h-05FFh \
  -ABIGRAM=01h-05FFh -ARAM=080h-0FFh,0100h-01FFhx5 -ABANK0=080h-0FFh \
  -ABANK1=0100h-01FFh -ABANK2=0200h-02FFh -ABANK3=0300h-03FFh \
  -ABANK4=0400h-04FFh -ABANK5=0500h-05FFh -ASFR=0F80h-0FFFh \
  -ACONFIG=0300000h-030000Dh -AIDLOC=0200000h-0200007h \
  -AEEDATA=0F00000h-0F000FFh -peeprom_data=EEDATA \
  -preset_vec=00h,intcode=08h,intcodelo,powerup,init -pramtop=0600h \
  -psmallconst=SMALLCONST -pmediumconst=MEDIUMCONST -pconst=CONST \
  -AFARRAM=00h-00h \
  -prdata=COMRAM,nvrram=COMRAM,nvbit=COMRAM,rbss=COMRAM,rbit=COMRAM \
  -pfarbss=FARRAM,fardata=FARRAM,nvFARRAM=FARRAM \
  -pintsave_regs=BIGRAM,bigbss=BIGRAM,bigdata=BIGRAM -pbss=RAM \
  -pidata=CODE,irdata=CODE,ibigdata=CODE,ifardata=CODE -pparam0=BANK0 \
  C:\Users\Natan\AppData\Local\Temp\xcAs9e8.o \
  dist/default/production\contador.X.production.o 

Object code version is 3.11

Machine type is 18F4520



                Name                               Link     Load   Length Selector   Space Scale
C:\Users\Natan\AppData\Local\Temp\xcAs9e8.o
                idloc                            200000   200000        8        0       5
                config                           300000   300000        E        0       4
                init                                  E        E        4        4       0
                reset_vec                             0        0        4        0       0
dist/default/production\contador.X.production.o
                intcode                               8        8        6        4       0
                idloc                            200000   200000        8        0       5
                config                           300000   300000        E        0       4
                temp                                  1        1        1        1       1
                intcode_body                        100      100       1A        4       0
                text3                               132      132        6        4       0
                text2                               12A      12A        8        4       0
                text1                                12       12       A2        4       0
                text0                                E2       E2       1E        4       0
                cstackBANK0                          90       90        3       80       1
                dataBANK0                            80       80       10       80       1
                bssBANK0                             93       93        1       80       1
                cinit                                B4       B4       2E        4       0
                idataBANK0                          11A      11A       10        4       0

TOTAL           Name                               Link     Load   Length     Space
        CLASS   STACK          

        CLASS   CODE           
                intcode                               8        8        6         0
                init                                  E        E        4         0
                reset_vec                             0        0        4         0
                intcode_body                        100      100       1A         0
                text3                               132      132        6         0
                text2                               12A      12A        8         0
                text1                                12       12       A2         0
                text0                                E2       E2       1E         0
                cinit                                B4       B4       2E         0
                idataBANK0                          11A      11A       10         0

        CLASS   CONST          

        CLASS   SMALLCONST     

        CLASS   MEDIUMCONST    

        CLASS   COMRAM         
                temp                                  1        1        1         1

        CLASS   ABS1           

        CLASS   BIGRAM         

        CLASS   RAM            

        CLASS   BANK0          
                cstackBANK0                          90       90        3         1
                dataBANK0                            80       80       10         1
                bssBANK0                             93       93        1         1

        CLASS   BANK1          

        CLASS   BANK2          

        CLASS   BANK3          

        CLASS   BANK4          

        CLASS   BANK5          

        CLASS   SFR            

        CLASS   CONFIG         
                config                           300000   300000        E         4

        CLASS   IDLOC          
                idloc                            200000   200000        8         5

        CLASS   EEDATA         

        CLASS   FARRAM         



SEGMENTS        Name                           Load    Length   Top    Selector   Space  Class

                reset_vec                      000000  000004  000004         0       0  CODE    
                temp                           000001  000001  000002         1       1  COMRAM  
                intcode                        000008  000130  000138         4       0  CODE    
                dataBANK0                      000080  000014  000094        80       1  BANK0   


UNUSED ADDRESS RANGES

        Name                Unused          Largest block    Delta
        BANK0            000094-0000FF               6C
        BANK1            000100-0001FF              100
        BANK2            000200-0002FF              100
        BANK3            000300-0003FF              100
        BANK4            000400-0004FF              100
        BANK5            000500-0005FF              100
        BIGRAM           000002-00007F               7E
                         000094-0005FF              56C
        CODE             000004-000007                4
                         000138-007FFF             7EC8
        COMRAM           000002-00007F               7E
        CONST            000004-000007                4
                         000138-007FFF             7EC8
        EEDATA           F00000-F000FF              100
        MEDIUMCONST      000600-007FFF             7A00
        RAM              000094-0005FF              100
        SFR              000F80-000FFF               80
        SMALLCONST       000600-007FFF              100
        STACK            000094-0005FF              56C

                                  Symbol Table

Timer0_Config@timerConfig        cstackBANK0  000090
_Display_Config                  text3        000132
_INTCON2bits                     (abs)        000FF1
_INTCONbits                      (abs)        000FF2
_Interrupt_GlobalEnable          text2        00012A
_LATB                            (abs)        000F8A
_PORTB                           (abs)        000F81
_RCONbits                        (abs)        000FD0
_T0CONbits                       (abs)        000FD5
_TC0INT                          intcode      000008
_TMR0                            (abs)        000FD6
_TRISB                           (abs)        000F93
_Timer0_Config                   text1        000012
__HRAM                           (abs)        000000
__Habs1                          abs1         000000
__Hbank0                         bank0        000000
__Hbank1                         bank1        000000
__Hbank2                         bank2        000000
__Hbank3                         bank3        000000
__Hbank4                         bank4        000000
__Hbank5                         bank5        000000
__Hbigbss                        bigbss       000000
__Hbigdata                       bigdata      000000
__Hbigram                        bigram       000000
__Hbss                           bss          000000
__HbssBANK0                      bssBANK0     000000
__Hcinit                         cinit        000000
__Hclrtext                       clrtext      000000
__Hcomram                        comram       000000
__Hconfig                        config       30000E
__Hconst                         const        000000
__HcstackBANK0                   cstackBANK0  000000
__Hdata                          data         000000
__HdataBANK0                     dataBANK0    000000
__Heeprom_data                   eeprom_data  000000
__Hfarbss                        farbss       000000
__Hfardata                       fardata      000000
__Hibigdata                      ibigdata     000000
__Hidata                         idata        000000
__HidataBANK0                    idataBANK0   000000
__Hidloc                         idloc        200008
__Hifardata                      ifardata     000000
__Hinit                          init         000012
__Hintcode                       intcode      00000E
__Hintcode_body                  intcode_body 000000
__Hintcodelo                     intcodelo    00000E
__Hintentry                      intentry     000000
__Hintret                        intret       000000
__Hintsave_regs                  intsave_regs 000000
__Hirdata                        irdata       000000
__Hmediumconst                   mediumconst  000000
__HnvFARRAM                      nvFARRAM     000000
__Hnvbit                         nvbit        000000
__Hnvrram                        nvrram       000000
__Hparam                         param0       000000
__Hparam0                        param0       000000
__Hpowerup                       powerup      00000E
__Hram                           ram          000000
__Hramtop                        ramtop       000600
__Hrbit                          rbit         000000
__Hrbss                          rbss         000000
__Hrdata                         rdata        000000
__Hreset_vec                     reset_vec    000004
__Hsfr                           sfr          000000
__Hsmallconst                    smallconst   000000
__Hspace_0                       (abs)        000600
__Hspace_1                       (abs)        000094
__Hspace_2                       (abs)        000000
__Hspace_4                       (abs)        60000E
__Hstack                         stack        000000
__Hstruct                        struct       000000
__Htemp                          temp         000002
__Htext                          text         000000
__Htext0                         text0        000000
__Htext1                         text1        000000
__Htext2                         text2        000000
__Htext3                         text3        000000
__LRAM                           (abs)        000001
__Labs1                          abs1         000000
__Lbank0                         bank0        000000
__Lbank1                         bank1        000000
__Lbank2                         bank2        000000
__Lbank3                         bank3        000000
__Lbank4                         bank4        000000
__Lbank5                         bank5        000000
__Lbigbss                        bigbss       000000
__Lbigdata                       bigdata      000000
__Lbigram                        bigram       000000
__Lbss                           bss          000000
__LbssBANK0                      bssBANK0     000000
__Lcinit                         cinit        000000
__Lclrtext                       clrtext      000000
__Lcomram                        comram       000000
__Lconfig                        config       000000
__Lconst                         const        000000
__LcstackBANK0                   cstackBANK0  000000
__Ldata                          data         000000
__LdataBANK0                     dataBANK0    000000
__Leeprom_data                   eeprom_data  000000
__Lfarbss                        farbss       000000
__Lfardata                       fardata      000000
__Libigdata                      ibigdata     000000
__Lidata                         idata        000000
__LidataBANK0                    idataBANK0   000000
__Lidloc                         idloc        000000
__Lifardata                      ifardata     000000
__Linit                          init         00000E
__Lintcode                       intcode      000008
__Lintcode_body                  intcode_body 000000
__Lintcodelo                     intcodelo    00000E
__Lintentry                      intentry     000000
__Lintret                        intret       000000
__Lintsave_regs                  intsave_regs 000000
__Lirdata                        irdata       000000
__Lmediumconst                   mediumconst  000000
__LnvFARRAM                      nvFARRAM     000000
__Lnvbit                         nvbit        000000
__Lnvrram                        nvrram       000000
__Lparam                         param0       000000
__Lparam0                        param0       000000
__Lpowerup                       powerup      00000E
__Lram                           ram          000000
__Lramtop                        ramtop       000600
__Lrbit                          rbit         000000
__Lrbss                          rbss         000000
__Lrdata                         rdata        000000
__Lreset_vec                     reset_vec    000000
__Lsfr                           sfr          000000
__Lsmallconst                    smallconst   000000
__Lspace_0                       (abs)        000000
__Lspace_1                       (abs)        000000
__Lspace_2                       (abs)        000000
__Lspace_4                       (abs)        000000
__Lstack                         stack        000000
__Lstruct                        struct       000000
__Ltemp                          temp         000001
__Ltext                          text         000000
__Ltext0                         text0        000000
__Ltext1                         text1        000000
__Ltext2                         text2        000000
__Ltext3                         text3        000000
__S0                             (abs)        000138
__S1                             (abs)        000094
__S2                             (abs)        000000
__S4                             (abs)        000000
__S5                             (abs)        000000
___inthi_sp                      stack        000000
___intlo_sp                      stack        000000
___param_bank                    (abs)        000000
___rparam_used                   (abs)        000000
___sp                            stack        000000
__accesstop                      (abs)        000080
__activetblptr                   (abs)        000003
__end_of_Display_Config          text3        000138
__end_of_Interrupt_GlobalEnable  text2        000132
__end_of_TC0INT                  intcode_body 00011A
__end_of_Timer0_Config           text1        0000B4
__end_of__initialization         cinit        0000D8
__end_of_main                    text0        000100
__initialization                 cinit        0000B4
__mediumconst                    mediumconst  000000
__pbssBANK0                      bssBANK0     000093
__pcinit                         cinit        0000B4
__pcstackBANK0                   cstackBANK0  000090
__pdataBANK0                     dataBANK0    000080
__pidataBANK0                    idataBANK0   00011A
__pintcode                       intcode      000008
__pintcode_body                  intcode_body 000100
__ptext0                         text0        0000E2
__ptext1                         text1        000012
__ptext2                         text2        00012A
__ptext3                         text3        000132
__ramtop                         ramtop       000600
__size_of_Display_Config         (abs)        000000
__size_of_Interrupt_GlobalEnable (abs)        000000
__size_of_TC0INT                 (abs)        000000
__size_of_Timer0_Config          (abs)        000000
__size_of_main                   (abs)        000000
__smallconst                     smallconst   000000
_display_7_seg                   dataBANK0    000080
_main                            text0        0000E2
_timerConfig                     dataBANK0    00008B
btemp                            temp         000001
end_of_initialization            cinit        0000D8
int$flags                        temp         000001
int_func                         intcode_body 000100
intlevel0                        text         000000
intlevel1                        text         000000
intlevel2                        text         000000
intlevel3                        text         000000
isa$std                          (abs)        000001
isa$xinst                        (abs)        000000
stackhi                          (abs)        0005FF
stacklo                          (abs)        000094
start                            init         00000E
start_initialization             cinit        0000B4
ttemp5                           temp         000002
ttemp6                           temp         000005
ttemp7                           temp         000009
wtemp8                           temp         000002


MODULE INFORMATION

Module		Function		Class		Link	Load	Size
src/pic18f4520/interrupt/interrupt.c
		_Interrupt_GlobalEnable		CODE           	012A	0000	8

src/pic18f4520/interrupt/interrupt.c estimated size: 8

src/pic18f4520/timer/timer.c
		_Timer0_Config 		CODE           	0012	0000	162

src/pic18f4520/timer/timer.c estimated size: 162

src/main.c
		_TC0INT        		CODE           	0008	0000	32
		_main          		CODE           	00E2	0000	30

src/main.c estimated size: 62

src/board/display_7_seg/display_7_seg_map.c
		_Display_Config		CODE           	0132	0000	6

src/board/display_7_seg/display_7_seg_map.c estimated size: 6

shared
		__initialization		CODE           	00B4	0000	36

shared estimated size: 36

